// Jest Snapshot v1, https://goo.gl/fbAQLP

exports[`renders coorectly 1`] = `
<h1>
  Start
</h1>
`;
