// Jest Snapshot v1, https://goo.gl/fbAQLP

exports[`renders coorectly 1`] = `
<div>
  <h1>
    Content
  </h1>
</div>
`;
